module UTS1 where

fooLen :: String -> Int
fooLen = length