module GA3 where

zipperM :: [a] -> IO [(a, Integer)]
zipperM lst = zip lst <$> getOtherList

getOtherList = return [1..]